******************************************************************************
                  TI ARM Linker PC v20.2.7                     
******************************************************************************
>> Linked Wed Oct  4 12:10:39 2023

OUTPUT FILE NAME:   <lab5.out>
ENTRY POINT SYMBOL: "_c_int00_noargs"  address: 00003b6d


MEMORY CONFIGURATION

         name            origin    length      used     unused   attr    fill
----------------------  --------  ---------  --------  --------  ----  --------
  FLASH                 00000000   00040000  00003ec4  0003c13c  R  X
  SRAM                  20000000   00008000  00000b23  000074dd  RW X


SEGMENT ALLOCATION MAP

run origin  load origin   length   init length attrs members
----------  ----------- ---------- ----------- ----- -------
00000000    00000000    00003ec8   00003ec8    r-x
  00000000    00000000    0000026c   0000026c    r-- .intvecs
  0000026c    0000026c    00003adc   00003adc    r-x .text
  00003d48    00003d48    0000013c   0000013c    r-- .const
  00003e88    00003e88    00000040   00000040    r-- .cinit
20000000    20000000    00000b2a   00000000    rw-
  20000000    20000000    0000026c   00000000    rw- .vtable
  20000270    20000270    00000800   00000000    rw- .stack
  20000a70    20000a70    000000a9   00000000    rw- .bss
  20000b1c    20000b1c    0000000e   00000000    rw- .data


SECTION ALLOCATION MAP

 output                                  attributes/
section   page    origin      length       input sections
--------  ----  ----------  ----------   ----------------
.intvecs   0    00000000    0000026c     
                  00000000    0000026c     tm4c123gh6pm_startup_ccs.obj (.intvecs)

.text      0    0000026c    00003adc     
                  0000026c    00000a4e     rtsv7M4_T_le_v4SPD16_eabi.lib : _printfi.c.obj (.text:__TI_printfi)
                  00000cba    00000002                                   : div0.asm.obj (.text)
                  00000cbc    000009d0                                   : e_pow.c.obj (.text:pow)
                  0000168c    00000328     lcd.obj (.text)
                  000019b4    000002a8     libcybotUART.lib : uart.obj (.text)
                  00001c5c    00000270     rtsv7M4_T_le_v4SPD16_eabi.lib : _printfi.c.obj (.text:_pconv_a)
                  00001ecc    00000260     libcybotScan.lib : cyBot_Scan.obj (.text)
                  0000212c    00000248     Timer.obj (.text)
                  00002374    000001ec     libcybotScan.lib : ping.obj (.text)
                  00002560    000001d0     rtsv7M4_T_le_v4SPD16_eabi.lib : _printfi.c.obj (.text:_pconv_g)
                  00002730    000001b6                                   : fd_add_t2.asm.obj (.text)
                  000028e6    00000002     --HOLE-- [fill = 0]
                  000028e8    00000174     main.obj (.text)
                  00002a5c    00000158     libcybotScan.lib : servo.obj (.text)
                  00002bb4    00000158     rtsv7M4_T_le_v4SPD16_eabi.lib : e_sqrt.c.obj (.text:sqrt)
                  00002d0c    0000013c                                   : _printfi.c.obj (.text:_pconv_e)
                  00002e48    00000136                                   : fd_div_t2.asm.obj (.text)
                  00002f7e    00000002     --HOLE-- [fill = 0]
                  00002f80    00000124                                   : _printfi.c.obj (.text:fcvt)
                  000030a4    00000118     libcybotScan.lib : ir.obj (.text)
                  000031bc    00000110     rtsv7M4_T_le_v4SPD16_eabi.lib : s_scalbn.c.obj (.text:scalbn)
                  000032cc    000000fc                                   : fd_mul_t2.asm.obj (.text)
                  000033c8    000000b1                                   : _printfi.c.obj (.text:_ltostr)
                  00003479    00000001     --HOLE-- [fill = 0]
                  0000347a    0000009c                                   : memcpy_t2.asm.obj (.text)
                  00003516    00000096                                   : ull_div_t2.asm.obj (.text)
                  000035ac    00000086                                   : fd_cmp_t2.asm.obj (.text:__aeabi_cdcmple)
                  00003632    00000086                                   : fd_cmp_t2.asm.obj (.text:__aeabi_cdrcmple)
                  000036b8    0000007a                                   : memset_t2.asm.obj (.text)
                  00003732    0000006e                                   : _printfi.c.obj (.text:_mcpy)
                  000037a0    00000068                                   : copy_decompress_lzss.c.obj (.text:decompress:lzss:__TI_decompress_lzss)
                  00003808    00000064                                   : s_frexp.c.obj (.text:frexp)
                  0000386c    00000056                                   : _printfi.c.obj (.text:_pconv_f)
                  000038c2    00000054                                   : _ltoa.c.obj (.text:__TI_ltoa)
                  00003916    00000052                                   : _printfi.c.obj (.text:_ecpy)
                  00003968    0000004c                                   : atoi.c.obj (.text:atoi)
                  000039b4    00000048                                   : fd_toi_t2.asm.obj (.text)
                  000039fc    00000044                                   : autoinit.c.obj (.text:__TI_auto_init_nobinit_nopinit:__TI_auto_init_nobinit_nopinit)
                  00003a40    00000040                                   : sprintf.c.obj (.text:sprintf)
                  00003a80    00000040                                   : vsnprintf.c.obj (.text:vsnprintf)
                  00003ac0    0000003e                                   : _printfi.c.obj (.text:_fcpy)
                  00003afe    00000002     --HOLE-- [fill = 0]
                  00003b00    00000038     button.obj (.text)
                  00003b38    00000034     driverlib.lib : interrupt.obj (.text:IntRegister)
                  00003b6c    00000034     rtsv7M4_T_le_v4SPD16_eabi.lib : boot_cortex_m.c.obj (.text:_c_int00_noargs:_c_int00_noargs)
                  00003ba0    00000030                                   : vsnprintf.c.obj (.text:_outs)
                  00003bd0    0000002e                                   : i_tofd_t2.asm.obj (.text)
                  00003bfe    0000001c                                   : copy_zero_init.c.obj (.text:decompress:ZI:__TI_zero_init_nomemset:__TI_zero_init_nomemset)
                  00003c1a    0000001c                                   : memccpy.c.obj (.text:memccpy)
                  00003c36    0000001a                                   : s_copysign.c.obj (.text:copysign)
                  00003c50    00000018                                   : vsnprintf.c.obj (.text:_outc)
                  00003c68    00000018                                   : sprintf.c.obj (.text:_outs)
                  00003c80    00000018                                   : strcmp.c.obj (.text:strcmp)
                  00003c98    00000016                                   : strchr.c.obj (.text:strchr)
                  00003cae    00000014                                   : strcpy.c.obj (.text:strcpy)
                  00003cc2    00000014                                   : strlen.c.obj (.text:strlen)
                  00003cd6    00000012                                   : wcslen.c.obj (.text:wcslen)
                  00003ce8    00000010     driverlib.lib : interrupt.obj (.text:IntMasterEnable)
                  00003cf8    00000010     lcd.obj (.text:lcd_clear)
                  00003d08    0000000e     rtsv7M4_T_le_v4SPD16_eabi.lib : copy_decompress_none.c.obj (.text:decompress:none:__TI_decompress_none)
                  00003d16    0000000c     driverlib.lib : cpu.obj (.text:CPUcpsie)
                  00003d22    0000000c     tm4c123gh6pm_startup_ccs.obj (.text)
                  00003d2e    0000000a     rtsv7M4_T_le_v4SPD16_eabi.lib : sprintf.c.obj (.text:_outc)
                  00003d38    00000008                                   : errno.c.obj (.text:__aeabi_errno_addr)
                  00003d40    00000004                                   : pre_init.c.obj (.text:_system_pre_init)
                  00003d44    00000004                                   : exit.c.obj (.text:abort:abort)

.const     0    00003d48    0000013c     
                  00003d48    00000101     rtsv7M4_T_le_v4SPD16_eabi.lib : ctype.c.obj (.const:.string:_ctypes_)
                  00003e49    00000004     lcd.obj (.const:.string:lineAddress$1)
                  00003e4d    00000003     --HOLE-- [fill = 0]
                  00003e50    00000030     rtsv7M4_T_le_v4SPD16_eabi.lib : e_pow.c.obj (.const:$O1$$)
                  00003e80    00000004     lcd.obj (.const:.string:lineAddresses$2)

.cinit     0    00003e88    00000040     
                  00003e88    0000000c     (__TI_handler_table)
                  00003e94    00000004     --HOLE-- [fill = 0]
                  00003e98    00000008     (.cinit..bss.load) [load image, compression = zero_init]
                  00003ea0    00000008     (.cinit..vtable.load) [load image, compression = zero_init]
                  00003ea8    00000007     (.cinit..data.load) [load image, compression = lzss]
                  00003eaf    00000001     --HOLE-- [fill = 0]
                  00003eb0    00000018     (__TI_cinit_table)

.init_array 
*          0    00000000    00000000     UNINITIALIZED

.vtable    0    20000000    0000026c     UNINITIALIZED
                  20000000    0000026c     driverlib.lib : interrupt.obj (.vtable)

.bss       0    20000a70    000000a9     UNINITIALIZED
                  20000a70    00000054     lcd.obj (.bss:lastbuffer$3)
                  20000ac4    00000034     (.common:isr_char_buffer)
                  20000af8    00000004     (.common:_timeout_ticks)
                  20000afc    00000004     (.common:button_num)
                  20000b00    00000004     (.common:fallingEdge)
                  20000b04    00000004     (.common:isr_int_value)
                  20000b08    00000004     (.common:left_calibration_value)
                  20000b0c    00000004     (.common:pulseLength)
                  20000b10    00000004     (.common:right_calibration_value)
                  20000b14    00000004     (.common:risingEdge)
                  20000b18    00000001     (.common:isRisingEdge)

.data      0    20000b1c    0000000e     UNINITIALIZED
                  20000b1c    00000004     libcybotScan.lib : cyBot_Scan.obj (.data)
                  20000b20    00000004     libcybotUART.lib : uart.obj (.data)
                  20000b24    00000004     rtsv7M4_T_le_v4SPD16_eabi.lib : errno.c.obj (.data)
                  20000b28    00000001     Timer.obj (.data)
                  20000b29    00000001     button.obj (.data)

.stack     0    20000270    00000800     UNINITIALIZED
                  20000270    00000004     rtsv7M4_T_le_v4SPD16_eabi.lib : boot_cortex_m.c.obj (.stack)
                  20000274    000007fc     --HOLE--

__llvm_prf_cnts 
*          0    20000000    00000000     UNINITIALIZED

MODULE SUMMARY

       Module                         code    ro data   rw data
       ------                         ----    -------   -------
    .\
       lcd.obj                        824     8         84     
       tm4c123gh6pm_startup_ccs.obj   12      620       0      
       Timer.obj                      584     0         5      
       main.obj                       372     0         8      
       button.obj                     56      0         5      
    +--+------------------------------+-------+---------+---------+
       Total:                         1848    628       102    
                                                               
    ../libcybotScan.lib
       cyBot_Scan.obj                 608     0         4      
       ping.obj                       492     0         13     
       servo.obj                      344     0         0      
       ir.obj                         280     0         4      
    +--+------------------------------+-------+---------+---------+
       Total:                         1724    0         21     
                                                               
    ../libcybotUART.lib
       uart.obj                       680     0         56     
    +--+------------------------------+-------+---------+---------+
       Total:                         680     0         56     
                                                               
    C:/ti/TivaWare_C_Series-2.2.0.295/driverlib/ccs/Debug/driverlib.lib
       interrupt.obj                  68      0         620    
       cpu.obj                        12      0         0      
    +--+------------------------------+-------+---------+---------+
       Total:                         80      0         620    
                                                               
    C:\ti\ccs1230\ccs\tools\compiler\ti-cgt-arm_20.2.7.LTS\lib\rtsv7M4_T_le_v4SPD16_eabi.lib
       _printfi.c.obj                 4851    0         0      
       e_pow.c.obj                    2512    48        0      
       fd_add_t2.asm.obj              438     0         0      
       e_sqrt.c.obj                   344     0         0      
       fd_div_t2.asm.obj              310     0         0      
       s_scalbn.c.obj                 272     0         0      
       fd_cmp_t2.asm.obj              268     0         0      
       ctype.c.obj                    0       257       0      
       fd_mul_t2.asm.obj              252     0         0      
       memcpy_t2.asm.obj              156     0         0      
       ull_div_t2.asm.obj             150     0         0      
       vsnprintf.c.obj                136     0         0      
       memset_t2.asm.obj              122     0         0      
       copy_decompress_lzss.c.obj     104     0         0      
       s_frexp.c.obj                  100     0         0      
       sprintf.c.obj                  98      0         0      
       _ltoa.c.obj                    84      0         0      
       atoi.c.obj                     76      0         0      
       fd_toi_t2.asm.obj              72      0         0      
       autoinit.c.obj                 68      0         0      
       boot_cortex_m.c.obj            52      0         0      
       i_tofd_t2.asm.obj              46      0         0      
       copy_zero_init.c.obj           28      0         0      
       memccpy.c.obj                  28      0         0      
       s_copysign.c.obj               26      0         0      
       strcmp.c.obj                   24      0         0      
       strchr.c.obj                   22      0         0      
       strcpy.c.obj                   20      0         0      
       strlen.c.obj                   20      0         0      
       wcslen.c.obj                   18      0         0      
       copy_decompress_none.c.obj     14      0         0      
       errno.c.obj                    8       0         4      
       exit.c.obj                     4       0         0      
       pre_init.c.obj                 4       0         0      
       div0.asm.obj                   2       0         0      
    +--+------------------------------+-------+---------+---------+
       Total:                         10729   305       4      
                                                               
       Stack:                         0       0         2048   
       Linker Generated:              0       59        0      
    +--+------------------------------+-------+---------+---------+
       Grand Total:                   15061   992       2851   


LINKER GENERATED COPY TABLES

__TI_cinit_table @ 00003eb0 records: 3, size/record: 8, table size: 24
	.bss: load addr=00003e98, load size=00000008 bytes, run addr=20000a70, run size=000000a9 bytes, compression=zero_init
	.vtable: load addr=00003ea0, load size=00000008 bytes, run addr=20000000, run size=0000026c bytes, compression=zero_init
	.data: load addr=00003ea8, load size=00000007 bytes, run addr=20000b1c, run size=0000000e bytes, compression=lzss


LINKER GENERATED HANDLER TABLE

__TI_handler_table @ 00003e88 records: 3, size/record: 4, table size: 12
	index: 0, handler: __TI_zero_init
	index: 1, handler: __TI_decompress_lzss
	index: 2, handler: __TI_decompress_none


GLOBAL SYMBOLS: SORTED ALPHABETICALLY BY Name 

address   name                          
-------   ----                          
0000313d  ADC0SS0_Handler               
00003d45  C$$EXIT                       
00003d17  CPUcpsie                      
00003ce9  IntMasterEnable               
00003b39  IntRegister                   
00003d23  ResetISR                      
00002465  TIMER3B_Handler               
20000a70  __STACK_END                   
00000800  __STACK_SIZE                  
20000470  __STACK_TOP                   
00003eb0  __TI_CINIT_Base               
00003ec8  __TI_CINIT_Limit              
00003e88  __TI_Handler_Table_Base       
00003e94  __TI_Handler_Table_Limit      
000039fd  __TI_auto_init_nobinit_nopinit
000037a1  __TI_decompress_lzss          
00003d09  __TI_decompress_none          
000038c3  __TI_ltoa                     
ffffffff  __TI_pprof_out_hndl           
0000026d  __TI_printfi                  
ffffffff  __TI_prof_data_size           
ffffffff  __TI_prof_data_start          
00000000  __TI_static_base__            
00003bff  __TI_zero_init_nomemset       
000035ad  __aeabi_cdcmpeq               
000035ad  __aeabi_cdcmple               
00003633  __aeabi_cdrcmple              
000039b5  __aeabi_d2iz                  
0000273b  __aeabi_dadd                  
00002e49  __aeabi_ddiv                  
000032cd  __aeabi_dmul                  
00002731  __aeabi_dsub                  
00003d39  __aeabi_errno_addr            
00003bd1  __aeabi_i2d                   
00000cbb  __aeabi_idiv0                 
00000cbb  __aeabi_ldiv0                 
000036b9  __aeabi_memclr                
000036b9  __aeabi_memclr4               
000036b9  __aeabi_memclr8               
0000347b  __aeabi_memcpy                
0000347b  __aeabi_memcpy4               
0000347b  __aeabi_memcpy8               
000036bb  __aeabi_memset                
000036bb  __aeabi_memset4               
000036bb  __aeabi_memset8               
00003517  __aeabi_uldivmod              
ffffffff  __binit__                     
ffffffff  __c_args__                    
UNDEFED   __mpu_init                    
20000270  __stack                       
20000000  __start___llvm_prf_cnts       
20000000  __stop___llvm_prf_cnts        
00003b6d  _c_int00_noargs               
00003d48  _ctypes_                      
20000b28  _running                      
UNDEFED   _system_post_cinit            
00003d41  _system_pre_init              
20000af8  _timeout_ticks                
00003d45  abort                         
00003969  atoi                          
ffffffff  binit                         
00003b27  button_getButton              
00003b01  button_init                   
20000afc  button_num                    
00003c37  copysign                      
00003c37  copysignl                     
00001fa5  cyBOT_SERVO_cal               
00001f33  cyBOT_Scan                    
00001edb  cyBOT_init_Scan               
20000b1c  cyBOT_scan_features           
00001ecd  cyBOT_scan_version            
00001c01  cyBot_UART1_Handler           
00001bf3  cyBot_getByte_blocking        
00001bd3  cyBot_getByte_nonblocking     
000019b5  cyBot_sendByte                
00001bb9  cyBot_uart_flush              
00001b23  cyBot_uart_init               
00001ac3  cyBot_uart_init_PHJ_first_half
00001a6b  cyBot_uart_init_clean         
000019f3  cyBot_uart_init_last_half     
000019db  cyBot_uart_sendBuffer         
000019c1  cyBot_uart_sendStr            
20000b24  errno                         
20000b00  fallingEdge                   
00003809  frexp                         
00003809  frexpl                        
20000000  g_pfnRAMVectors               
00000000  g_pfnVectors                  
000028e9  get_avg_10                    
00003b1b  gpioe_handler                 
00003b0f  init_button_interrupts        
00003153  ir_enableInterrupt            
00003135  ir_getDistance                
0000310d  ir_getValue                   
000030a5  ir_init                       
20000b18  isRisingEdge                  
20000ac4  isr_char_buffer               
20000b20  isr_counter                   
20000b04  isr_int_value                 
00003cf9  lcd_clear                     
00001861  lcd_gotoLine                  
000016c9  lcd_init                      
000018c7  lcd_printf                    
00001789  lcd_putc                      
000017c1  lcd_puts                      
0000168d  lcd_reverseNibble             
000017df  lcd_sendCommand               
0000181d  lcd_sendNibble                
00001889  lcd_setCursorPos              
000031bd  ldexp                         
000031bd  ldexpl                        
20000b08  left_calibration_value        
00002971  main                          
00003c1b  memccpy                       
0000347b  memcpy                        
000036c1  memset                        
000024b7  ping_getDistance              
00002375  ping_init                     
000023fb  ping_trigger                  
00000cbd  pow                           
00000cbd  powl                          
20000b0c  pulseLength                   
00002925  raw_to_dist                   
20000b10  right_calibration_value       
20000b14  risingEdge                    
000031bd  scalbn                        
000031bd  scalbnl                       
00002a5d  servo_init                    
00002aed  servo_move                    
00002b4d  servo_setPWM                  
00002ae1  servo_stop                    
00003a41  sprintf                       
00002bb5  sqrt                          
00002bb5  sqrtl                         
00003c99  strchr                        
00003c81  strcmp                        
00003caf  strcpy                        
00003cc3  strlen                        
0000224b  timer_getMicros               
000021f3  timer_getMillis               
0000212d  timer_init                    
000021cf  timer_pause                   
000021e1  timer_resume                  
000021a5  timer_stop                    
000022a5  timer_waitMicros              
000022d7  timer_waitMillis              
00003a81  vsnprintf                     
00003cd7  wcslen                        


GLOBAL SYMBOLS: SORTED BY Symbol Address 

address   name                          
-------   ----                          
00000000  __TI_static_base__            
00000000  g_pfnVectors                  
0000026d  __TI_printfi                  
00000800  __STACK_SIZE                  
00000cbb  __aeabi_idiv0                 
00000cbb  __aeabi_ldiv0                 
00000cbd  pow                           
00000cbd  powl                          
0000168d  lcd_reverseNibble             
000016c9  lcd_init                      
00001789  lcd_putc                      
000017c1  lcd_puts                      
000017df  lcd_sendCommand               
0000181d  lcd_sendNibble                
00001861  lcd_gotoLine                  
00001889  lcd_setCursorPos              
000018c7  lcd_printf                    
000019b5  cyBot_sendByte                
000019c1  cyBot_uart_sendStr            
000019db  cyBot_uart_sendBuffer         
000019f3  cyBot_uart_init_last_half     
00001a6b  cyBot_uart_init_clean         
00001ac3  cyBot_uart_init_PHJ_first_half
00001b23  cyBot_uart_init               
00001bb9  cyBot_uart_flush              
00001bd3  cyBot_getByte_nonblocking     
00001bf3  cyBot_getByte_blocking        
00001c01  cyBot_UART1_Handler           
00001ecd  cyBOT_scan_version            
00001edb  cyBOT_init_Scan               
00001f33  cyBOT_Scan                    
00001fa5  cyBOT_SERVO_cal               
0000212d  timer_init                    
000021a5  timer_stop                    
000021cf  timer_pause                   
000021e1  timer_resume                  
000021f3  timer_getMillis               
0000224b  timer_getMicros               
000022a5  timer_waitMicros              
000022d7  timer_waitMillis              
00002375  ping_init                     
000023fb  ping_trigger                  
00002465  TIMER3B_Handler               
000024b7  ping_getDistance              
00002731  __aeabi_dsub                  
0000273b  __aeabi_dadd                  
000028e9  get_avg_10                    
00002925  raw_to_dist                   
00002971  main                          
00002a5d  servo_init                    
00002ae1  servo_stop                    
00002aed  servo_move                    
00002b4d  servo_setPWM                  
00002bb5  sqrt                          
00002bb5  sqrtl                         
00002e49  __aeabi_ddiv                  
000030a5  ir_init                       
0000310d  ir_getValue                   
00003135  ir_getDistance                
0000313d  ADC0SS0_Handler               
00003153  ir_enableInterrupt            
000031bd  ldexp                         
000031bd  ldexpl                        
000031bd  scalbn                        
000031bd  scalbnl                       
000032cd  __aeabi_dmul                  
0000347b  __aeabi_memcpy                
0000347b  __aeabi_memcpy4               
0000347b  __aeabi_memcpy8               
0000347b  memcpy                        
00003517  __aeabi_uldivmod              
000035ad  __aeabi_cdcmpeq               
000035ad  __aeabi_cdcmple               
00003633  __aeabi_cdrcmple              
000036b9  __aeabi_memclr                
000036b9  __aeabi_memclr4               
000036b9  __aeabi_memclr8               
000036bb  __aeabi_memset                
000036bb  __aeabi_memset4               
000036bb  __aeabi_memset8               
000036c1  memset                        
000037a1  __TI_decompress_lzss          
00003809  frexp                         
00003809  frexpl                        
000038c3  __TI_ltoa                     
00003969  atoi                          
000039b5  __aeabi_d2iz                  
000039fd  __TI_auto_init_nobinit_nopinit
00003a41  sprintf                       
00003a81  vsnprintf                     
00003b01  button_init                   
00003b0f  init_button_interrupts        
00003b1b  gpioe_handler                 
00003b27  button_getButton              
00003b39  IntRegister                   
00003b6d  _c_int00_noargs               
00003bd1  __aeabi_i2d                   
00003bff  __TI_zero_init_nomemset       
00003c1b  memccpy                       
00003c37  copysign                      
00003c37  copysignl                     
00003c81  strcmp                        
00003c99  strchr                        
00003caf  strcpy                        
00003cc3  strlen                        
00003cd7  wcslen                        
00003ce9  IntMasterEnable               
00003cf9  lcd_clear                     
00003d09  __TI_decompress_none          
00003d17  CPUcpsie                      
00003d23  ResetISR                      
00003d39  __aeabi_errno_addr            
00003d41  _system_pre_init              
00003d45  C$$EXIT                       
00003d45  abort                         
00003d48  _ctypes_                      
00003e88  __TI_Handler_Table_Base       
00003e94  __TI_Handler_Table_Limit      
00003eb0  __TI_CINIT_Base               
00003ec8  __TI_CINIT_Limit              
20000000  __start___llvm_prf_cnts       
20000000  __stop___llvm_prf_cnts        
20000000  g_pfnRAMVectors               
20000270  __stack                       
20000470  __STACK_TOP                   
20000a70  __STACK_END                   
20000ac4  isr_char_buffer               
20000af8  _timeout_ticks                
20000afc  button_num                    
20000b00  fallingEdge                   
20000b04  isr_int_value                 
20000b08  left_calibration_value        
20000b0c  pulseLength                   
20000b10  right_calibration_value       
20000b14  risingEdge                    
20000b18  isRisingEdge                  
20000b1c  cyBOT_scan_features           
20000b20  isr_counter                   
20000b24  errno                         
20000b28  _running                      
ffffffff  __TI_pprof_out_hndl           
ffffffff  __TI_prof_data_size           
ffffffff  __TI_prof_data_start          
ffffffff  __binit__                     
ffffffff  __c_args__                    
ffffffff  binit                         
UNDEFED   __mpu_init                    
UNDEFED   _system_post_cinit            

[148 symbols]
