******************************************************************************
                  TI ARM Linker PC v20.2.7                     
******************************************************************************
>> Linked Wed Oct 11 12:29:14 2023

OUTPUT FILE NAME:   <lab3.out>
ENTRY POINT SYMBOL: "_c_int00_noargs"  address: 00004dc9


MEMORY CONFIGURATION

         name            origin    length      used     unused   attr    fill
----------------------  --------  ---------  --------  --------  ----  --------
  FLASH                 00000000   00040000  000051a7  0003ae59  R  X
  SRAM                  20000000   00008000  00000f66  0000709a  RW X


SEGMENT ALLOCATION MAP

run origin  load origin   length   init length attrs members
----------  ----------- ---------- ----------- ----- -------
00000000    00000000    000051b0   000051b0    r-x
  00000000    00000000    0000026c   0000026c    r-- .intvecs
  0000026c    0000026c    00004da0   00004da0    r-x .text
  00005010    00005010    0000014b   0000014b    r-- .const
  00005160    00005160    00000050   00000050    r-- .cinit
20000000    20000000    00000f6d   00000000    rw-
  20000000    20000000    0000026c   00000000    rw- .vtable
  20000270    20000270    00000800   00000000    rw- .stack
  20000a70    20000a70    00000400   00000000    rw- .sysmem
  20000e70    20000e70    000000bd   00000000    rw- .bss
  20000f30    20000f30    0000003d   00000000    rw- .data


SECTION ALLOCATION MAP

 output                                  attributes/
section   page    origin      length       input sections
--------  ----  ----------  ----------   ----------------
.intvecs   0    00000000    0000026c     
                  00000000    0000026c     tm4c123gh6pm_startup_ccs.obj (.intvecs)

.text      0    0000026c    00004da0     
                  0000026c    00000c20     open_interface.obj (.text)
                  00000e8c    00000a4e     rtsv7M4_T_le_v4SPD16_eabi.lib : _printfi.c.obj (.text:__TI_printfi)
                  000018da    00000002                                   : _lock.c.obj (.text:_nop)
                  000018dc    000009d0                                   : e_pow.c.obj (.text:pow)
                  000022ac    00000600     cd.obj (.text)
                  000028ac    00000328     lcd.obj (.text)
                  00002bd4    00000270     rtsv7M4_T_le_v4SPD16_eabi.lib : _printfi.c.obj (.text:_pconv_a)
                  00002e44    00000260     libcybotScan.lib : cyBot_Scan.obj (.text)
                  000030a4    00000248     Timer.obj (.text)
                  000032ec    000001ec     libcybotScan.lib : ping.obj (.text)
                  000034d8    000001d0     rtsv7M4_T_le_v4SPD16_eabi.lib : _printfi.c.obj (.text:_pconv_g)
                  000036a8    000001b6                                   : fd_add_t2.asm.obj (.text)
                  0000385e    00000002                                   : div0.asm.obj (.text)
                  00003860    0000015c     libcybotUART.lib : uart.obj (.text)
                  000039bc    00000158     libcybotScan.lib : servo.obj (.text)
                  00003b14    00000158     rtsv7M4_T_le_v4SPD16_eabi.lib : e_sqrt.c.obj (.text:sqrt)
                  00003c6c    0000013c                                   : _printfi.c.obj (.text:_pconv_e)
                  00003da8    00000136                                   : fd_div_t2.asm.obj (.text)
                  00003ede    00000002     --HOLE-- [fill = 0]
                  00003ee0    00000124                                   : _printfi.c.obj (.text:fcvt)
                  00004004    00000118     libcybotScan.lib : ir.obj (.text)
                  0000411c    00000110     rtsv7M4_T_le_v4SPD16_eabi.lib : s_scalbn.c.obj (.text:scalbn)
                  0000422c    00000100                                   : memory.c.obj (.text:aligned_alloc)
                  0000432c    000000fc                                   : fd_mul_t2.asm.obj (.text)
                  00004428    000000e4                                   : memory.c.obj (.text:free)
                  0000450c    000000b1                                   : _printfi.c.obj (.text:_ltostr)
                  000045bd    00000001     --HOLE-- [fill = 0]
                  000045be    0000009c                                   : memcpy_t2.asm.obj (.text)
                  0000465a    00000096                                   : ull_div_t2.asm.obj (.text)
                  000046f0    00000086                                   : fd_cmp_t2.asm.obj (.text:__aeabi_cdcmple)
                  00004776    00000086                                   : fd_cmp_t2.asm.obj (.text:__aeabi_cdrcmple)
                  000047fc    0000007a                                   : memset_t2.asm.obj (.text)
                  00004876    00000002     --HOLE-- [fill = 0]
                  00004878    00000070                                   : memory.c.obj (.text:split)
                  000048e8    0000006e                                   : _printfi.c.obj (.text:_mcpy)
                  00004956    0000006e                                   : fd_tos_t2.asm.obj (.text)
                  000049c4    00000068                                   : copy_decompress_lzss.c.obj (.text:decompress:lzss:__TI_decompress_lzss)
                  00004a2c    00000064                                   : s_frexp.c.obj (.text:frexp)
                  00004a90    00000056                                   : _printfi.c.obj (.text:_pconv_f)
                  00004ae6    00000054                                   : _ltoa.c.obj (.text:__TI_ltoa)
                  00004b3a    00000052                                   : _printfi.c.obj (.text:_ecpy)
                  00004b8c    0000004c                                   : atoi.c.obj (.text:atoi)
                  00004bd8    00000048                                   : fd_toi_t2.asm.obj (.text)
                  00004c20    00000044                                   : autoinit.c.obj (.text:__TI_auto_init_nobinit_nopinit:__TI_auto_init_nobinit_nopinit)
                  00004c64    00000040                                   : sprintf.c.obj (.text:sprintf)
                  00004ca4    00000040                                   : vsnprintf.c.obj (.text:vsnprintf)
                  00004ce4    0000003e                                   : _printfi.c.obj (.text:_fcpy)
                  00004d22    00000002     --HOLE-- [fill = 0]
                  00004d24    00000038                                   : memory.c.obj (.text:calloc)
                  00004d5c    00000038                                   : fs_tod_t2.asm.obj (.text)
                  00004d94    00000034     driverlib.lib : interrupt.obj (.text:IntRegister)
                  00004dc8    00000034     rtsv7M4_T_le_v4SPD16_eabi.lib : boot_cortex_m.c.obj (.text:_c_int00_noargs:_c_int00_noargs)
                  00004dfc    00000030                                   : vsnprintf.c.obj (.text:_outs)
                  00004e2c    0000002e                                   : i_tofd_t2.asm.obj (.text)
                  00004e5a    00000002     --HOLE-- [fill = 0]
                  00004e5c    00000028                                   : memory.c.obj (.text:free_list_insert)
                  00004e84    0000001c                                   : copy_zero_init.c.obj (.text:decompress:ZI:__TI_zero_init_nomemset:__TI_zero_init_nomemset)
                  00004ea0    0000001c                                   : memory.c.obj (.text:free_list_remove)
                  00004ebc    0000001c                                   : memccpy.c.obj (.text:memccpy)
                  00004ed8    0000001a                                   : s_copysign.c.obj (.text:copysign)
                  00004ef2    00000018                                   : vsnprintf.c.obj (.text:_outc)
                  00004f0a    00000018                                   : sprintf.c.obj (.text:_outs)
                  00004f22    00000018     open_interface.obj (.text:oi_parseInt)
                  00004f3a    00000018     rtsv7M4_T_le_v4SPD16_eabi.lib : strcmp.c.obj (.text:strcmp)
                  00004f52    00000016                                   : strchr.c.obj (.text:strchr)
                  00004f68    00000014                                   : strcpy.c.obj (.text:strcpy)
                  00004f7c    00000014                                   : strlen.c.obj (.text:strlen)
                  00004f90    00000012                                   : wcslen.c.obj (.text:wcslen)
                  00004fa2    00000010     driverlib.lib : interrupt.obj (.text:IntMasterEnable)
                  00004fb2    00000010     lcd.obj (.text:lcd_clear)
                  00004fc2    0000000e     rtsv7M4_T_le_v4SPD16_eabi.lib : copy_decompress_none.c.obj (.text:decompress:none:__TI_decompress_none)
                  00004fd0    0000000c     driverlib.lib : cpu.obj (.text:CPUcpsie)
                  00004fdc    0000000c     tm4c123gh6pm_startup_ccs.obj (.text)
                  00004fe8    0000000a     rtsv7M4_T_le_v4SPD16_eabi.lib : sprintf.c.obj (.text:_outc)
                  00004ff2    00000002     --HOLE-- [fill = 0]
                  00004ff4    00000008                                   : errno.c.obj (.text:__aeabi_errno_addr)
                  00004ffc    00000008                                   : memory.c.obj (.text:malloc)
                  00005004    00000004                                   : pre_init.c.obj (.text:_system_pre_init)
                  00005008    00000004                                   : exit.c.obj (.text:abort:abort)

.const     0    00005010    0000014b     
                  00005010    00000101     rtsv7M4_T_le_v4SPD16_eabi.lib : ctype.c.obj (.const:.string:_ctypes_)
                  00005111    00000004     lcd.obj (.const:.string:lineAddress$1)
                  00005115    00000003     --HOLE-- [fill = 0]
                  00005118    00000030     rtsv7M4_T_le_v4SPD16_eabi.lib : e_pow.c.obj (.const:$O1$$)
                  00005148    0000000f     open_interface.obj (.const:.string:$P$T0$3)
                  00005157    00000004     lcd.obj (.const:.string:lineAddresses$2)

.cinit     0    00005160    00000050     
                  00005160    00000019     (.cinit..data.load) [load image, compression = lzss]
                  00005179    00000003     --HOLE-- [fill = 0]
                  0000517c    0000000c     (__TI_handler_table)
                  00005188    00000008     (.cinit..bss.load) [load image, compression = zero_init]
                  00005190    00000008     (.cinit..vtable.load) [load image, compression = zero_init]
                  00005198    00000018     (__TI_cinit_table)

.init_array 
*          0    00000000    00000000     UNINITIALIZED

.vtable    0    20000000    0000026c     UNINITIALIZED
                  20000000    0000026c     driverlib.lib : interrupt.obj (.vtable)

.stack     0    20000270    00000800     UNINITIALIZED
                  20000270    00000004     rtsv7M4_T_le_v4SPD16_eabi.lib : boot_cortex_m.c.obj (.stack)
                  20000274    000007fc     --HOLE--

.sysmem    0    20000a70    00000400     UNINITIALIZED
                  20000a70    00000010     rtsv7M4_T_le_v4SPD16_eabi.lib : memory.c.obj (.sysmem)
                  20000a80    000003f0     --HOLE--

.bss       0    20000e70    000000bd     UNINITIALIZED
                  20000e70    00000054     lcd.obj (.bss:lastbuffer$3)
                  20000ec4    00000034     (.common:isr_char_buffer)
                  20000ef8    00000018     open_interface.obj (.bss:firmware$2)
                  20000f10    00000004     (.common:_timeout_ticks)
                  20000f14    00000004     (.common:fallingEdge)
                  20000f18    00000004     (.common:isr_int_value)
                  20000f1c    00000004     (.common:left_calibration_value)
                  20000f20    00000004     (.common:pulseLength)
                  20000f24    00000004     (.common:right_calibration_value)
                  20000f28    00000004     (.common:risingEdge)
                  20000f2c    00000001     (.common:isRisingEdge)

.data      0    20000f30    0000003d     UNINITIALIZED
                  20000f30    00000020     open_interface.obj (.data)
                  20000f50    00000008     rtsv7M4_T_le_v4SPD16_eabi.lib : _lock.c.obj (.data:$O1$$)
                  20000f58    00000008                                   : memory.c.obj (.data:$O1$$)
                  20000f60    00000004     libcybotScan.lib : cyBot_Scan.obj (.data)
                  20000f64    00000004     libcybotUART.lib : uart.obj (.data)
                  20000f68    00000004     rtsv7M4_T_le_v4SPD16_eabi.lib : errno.c.obj (.data)
                  20000f6c    00000001     Timer.obj (.data)

__llvm_prf_cnts 
*          0    20000000    00000000     UNINITIALIZED

MODULE SUMMARY

       Module                         code    ro data   rw data
       ------                         ----    -------   -------
    .\
       open_interface.obj             3128    15        56     
       cd.obj                         1536    0         8      
       lcd.obj                        824     8         84     
       tm4c123gh6pm_startup_ccs.obj   12      620       0      
       Timer.obj                      584     0         5      
    +--+------------------------------+-------+---------+---------+
       Total:                         6084    643       153    
                                                               
    ../libcybotScan.lib
       cyBot_Scan.obj                 608     0         4      
       ping.obj                       492     0         13     
       servo.obj                      344     0         0      
       ir.obj                         280     0         4      
    +--+------------------------------+-------+---------+---------+
       Total:                         1724    0         21     
                                                               
    ../libcybotUART.lib
       uart.obj                       348     0         56     
    +--+------------------------------+-------+---------+---------+
       Total:                         348     0         56     
                                                               
    C:/ti/TivaWare_C_Series-2.2.0.295/driverlib/ccs/Debug/driverlib.lib
       interrupt.obj                  68      0         620    
       cpu.obj                        12      0         0      
    +--+------------------------------+-------+---------+---------+
       Total:                         80      0         620    
                                                               
    C:\ti\ccs1230\ccs\tools\compiler\ti-cgt-arm_20.2.7.LTS\lib\rtsv7M4_T_le_v4SPD16_eabi.lib
       _printfi.c.obj                 4851    0         0      
       e_pow.c.obj                    2512    48        0      
       memory.c.obj                   728     0         8      
       fd_add_t2.asm.obj              438     0         0      
       e_sqrt.c.obj                   344     0         0      
       fd_div_t2.asm.obj              310     0         0      
       s_scalbn.c.obj                 272     0         0      
       fd_cmp_t2.asm.obj              268     0         0      
       ctype.c.obj                    0       257       0      
       fd_mul_t2.asm.obj              252     0         0      
       memcpy_t2.asm.obj              156     0         0      
       ull_div_t2.asm.obj             150     0         0      
       vsnprintf.c.obj                136     0         0      
       memset_t2.asm.obj              122     0         0      
       fd_tos_t2.asm.obj              110     0         0      
       copy_decompress_lzss.c.obj     104     0         0      
       s_frexp.c.obj                  100     0         0      
       sprintf.c.obj                  98      0         0      
       _ltoa.c.obj                    84      0         0      
       atoi.c.obj                     76      0         0      
       fd_toi_t2.asm.obj              72      0         0      
       autoinit.c.obj                 68      0         0      
       fs_tod_t2.asm.obj              56      0         0      
       boot_cortex_m.c.obj            52      0         0      
       i_tofd_t2.asm.obj              46      0         0      
       copy_zero_init.c.obj           28      0         0      
       memccpy.c.obj                  28      0         0      
       s_copysign.c.obj               26      0         0      
       strcmp.c.obj                   24      0         0      
       strchr.c.obj                   22      0         0      
       strcpy.c.obj                   20      0         0      
       strlen.c.obj                   20      0         0      
       wcslen.c.obj                   18      0         0      
       copy_decompress_none.c.obj     14      0         0      
       errno.c.obj                    8       0         4      
       _lock.c.obj                    2       0         8      
       exit.c.obj                     4       0         0      
       pre_init.c.obj                 4       0         0      
       div0.asm.obj                   2       0         0      
    +--+------------------------------+-------+---------+---------+
       Total:                         11625   305       20     
                                                               
       Heap:                          0       0         1024   
       Stack:                         0       0         2048   
       Linker Generated:              0       77        0      
    +--+------------------------------+-------+---------+---------+
       Grand Total:                   19861   1025      3942   


LINKER GENERATED COPY TABLES

__TI_cinit_table @ 00005198 records: 3, size/record: 8, table size: 24
	.data: load addr=00005160, load size=00000019 bytes, run addr=20000f30, run size=0000003d bytes, compression=lzss
	.bss: load addr=00005188, load size=00000008 bytes, run addr=20000e70, run size=000000bd bytes, compression=zero_init
	.vtable: load addr=00005190, load size=00000008 bytes, run addr=20000000, run size=0000026c bytes, compression=zero_init


LINKER GENERATED HANDLER TABLE

__TI_handler_table @ 0000517c records: 3, size/record: 4, table size: 12
	index: 0, handler: __TI_zero_init
	index: 1, handler: __TI_decompress_lzss
	index: 2, handler: __TI_decompress_none


GLOBAL SYMBOLS: SORTED ALPHABETICALLY BY Name 

address   name                          
-------   ----                          
0000409d  ADC0SS0_Handler               
00005009  C$$EXIT                       
00004fd1  CPUcpsie                      
00000bc3  GPIOF_Handler                 
00004fa3  IntMasterEnable               
00004d95  IntRegister                   
00004fdd  ResetISR                      
000033dd  TIMER3B_Handler               
20000a70  __STACK_END                   
00000800  __STACK_SIZE                  
20000470  __STACK_TOP                   
00000400  __SYSMEM_SIZE                 
00005198  __TI_CINIT_Base               
000051b0  __TI_CINIT_Limit              
0000517c  __TI_Handler_Table_Base       
00005188  __TI_Handler_Table_Limit      
00004c21  __TI_auto_init_nobinit_nopinit
000049c5  __TI_decompress_lzss          
00004fc3  __TI_decompress_none          
00004ae7  __TI_ltoa                     
ffffffff  __TI_pprof_out_hndl           
00000e8d  __TI_printfi                  
ffffffff  __TI_prof_data_size           
ffffffff  __TI_prof_data_start          
00000000  __TI_static_base__            
00004e85  __TI_zero_init_nomemset       
000046f1  __aeabi_cdcmpeq               
000046f1  __aeabi_cdcmple               
00004777  __aeabi_cdrcmple              
00004957  __aeabi_d2f                   
00004bd9  __aeabi_d2iz                  
000036b3  __aeabi_dadd                  
00003da9  __aeabi_ddiv                  
0000432d  __aeabi_dmul                  
000036a9  __aeabi_dsub                  
00004ff5  __aeabi_errno_addr            
00004d5d  __aeabi_f2d                   
00004e2d  __aeabi_i2d                   
0000385f  __aeabi_idiv0                 
0000385f  __aeabi_ldiv0                 
000047fd  __aeabi_memclr                
000047fd  __aeabi_memclr4               
000047fd  __aeabi_memclr8               
000045bf  __aeabi_memcpy                
000045bf  __aeabi_memcpy4               
000045bf  __aeabi_memcpy8               
000047ff  __aeabi_memset                
000047ff  __aeabi_memset4               
000047ff  __aeabi_memset8               
0000465b  __aeabi_uldivmod              
ffffffff  __binit__                     
ffffffff  __c_args__                    
UNDEFED   __mpu_init                    
20000270  __stack                       
20000000  __start___llvm_prf_cnts       
20000000  __stop___llvm_prf_cnts        
00004dc9  _c_int00_noargs               
00005010  _ctypes_                      
20000f50  _lock                         
000018db  _nop                          
20000f6c  _running                      
20000a70  _sys_memory                   
UNDEFED   _system_post_cinit            
00005005  _system_pre_init              
20000f10  _timeout_ticks                
20000f54  _unlock                       
00005009  abort                         
0000422d  aligned_alloc                 
00004b8d  atoi                          
ffffffff  binit                         
00004d25  calloc                        
00004ed9  copysign                      
00004ed9  copysignl                     
00002f1d  cyBOT_SERVO_cal               
00002eab  cyBOT_Scan                    
00002e53  cyBOT_init_Scan               
20000f60  cyBOT_scan_features           
00002e45  cyBOT_scan_version            
00003969  cyBot_UART1_Handler           
0000394f  cyBot_getByte                 
00003861  cyBot_sendByte                
00003931  cyBot_uart_flush              
0000389f  cyBot_uart_init               
00003887  cyBot_uart_sendBuffer         
0000386d  cyBot_uart_sendStr            
20000f68  errno                         
20000f14  fallingEdge                   
00002561  find_objects                  
00002449  find_smallest_object          
00004429  free                          
00004a2d  frexp                         
00004a2d  frexpl                        
20000000  g_pfnRAMVectors               
00000000  g_pfnVectors                  
0000097f  go_charge                     
000040b3  ir_enableInterrupt            
00004095  ir_getDistance                
0000406d  ir_getValue                   
00004005  ir_init                       
20000f2c  isRisingEdge                  
20000ec4  isr_char_buffer               
20000f64  isr_counter                   
20000f18  isr_int_value                 
00004fb3  lcd_clear                     
00002a81  lcd_gotoLine                  
000028e9  lcd_init                      
00002ae7  lcd_printf                    
000029a9  lcd_putc                      
000029e1  lcd_puts                      
000028ad  lcd_reverseNibble             
000029ff  lcd_sendCommand               
00002a3d  lcd_sendNibble                
00002aa9  lcd_setCursorPos              
0000411d  ldexp                         
0000411d  ldexpl                        
20000f1c  left_calibration_value        
00002781  main                          
00004ffd  malloc                        
0000422d  memalign                      
00004ebd  memccpy                       
000045bf  memcpy                        
00004805  memset                        
20000f30  motor_cal_factor_L            
20000f34  motor_cal_factor_R            
0000026d  oi_alloc                      
00000aa9  oi_checkFirmware              
000002c7  oi_close                      
00000279  oi_free                       
00000ded  oi_getMotorCalibrationLeft    
00000e01  oi_getMotorCalibrationRight   
000002b1  oi_init                       
00000289  oi_init_noupdate              
00000915  oi_loadSong                   
00004f23  oi_parseInt                   
0000032b  oi_parsePacket                
0000096b  oi_play_song                  
0000084b  oi_setLeds                    
00000db1  oi_setMotorCalibration        
0000088f  oi_setWheels                  
00000b51  oi_shutoff_init               
0000098d  oi_uartInit                   
00000a31  oi_uartReceive                
00000a77  oi_uartSendBuff               
00000a15  oi_uartSendChar               
00000a59  oi_uartSendStr                
000002d9  oi_update                     
0000342f  ping_getDistance              
000032ed  ping_init                     
00003373  ping_trigger                  
000018dd  pow                           
000018dd  powl                          
00002353  print_180                     
0000239d  print_objects                 
00002321  print_pt                      
000022f9  print_to_putty                
20000f20  pulseLength                   
000022ad  raw_to_dist                   
20000f24  right_calibration_value       
20000f28  risingEdge                    
0000411d  scalbn                        
0000411d  scalbnl                       
000023f1  scan_180                      
000039bd  servo_init                    
00003a4d  servo_move                    
00003aad  servo_setPWM                  
00003a41  servo_stop                    
00004c65  sprintf                       
00003b15  sqrt                          
00003b15  sqrtl                         
00004f53  strchr                        
00004f3b  strcmp                        
00004f69  strcpy                        
00004f7d  strlen                        
000031c3  timer_getMicros               
0000316b  timer_getMillis               
000030a5  timer_init                    
00003147  timer_pause                   
00003159  timer_resume                  
0000311d  timer_stop                    
0000321d  timer_waitMicros              
0000324f  timer_waitMillis              
00004ca5  vsnprintf                     
00004f91  wcslen                        


GLOBAL SYMBOLS: SORTED BY Symbol Address 

address   name                          
-------   ----                          
00000000  __TI_static_base__            
00000000  g_pfnVectors                  
0000026d  oi_alloc                      
00000279  oi_free                       
00000289  oi_init_noupdate              
000002b1  oi_init                       
000002c7  oi_close                      
000002d9  oi_update                     
0000032b  oi_parsePacket                
00000400  __SYSMEM_SIZE                 
00000800  __STACK_SIZE                  
0000084b  oi_setLeds                    
0000088f  oi_setWheels                  
00000915  oi_loadSong                   
0000096b  oi_play_song                  
0000097f  go_charge                     
0000098d  oi_uartInit                   
00000a15  oi_uartSendChar               
00000a31  oi_uartReceive                
00000a59  oi_uartSendStr                
00000a77  oi_uartSendBuff               
00000aa9  oi_checkFirmware              
00000b51  oi_shutoff_init               
00000bc3  GPIOF_Handler                 
00000db1  oi_setMotorCalibration        
00000ded  oi_getMotorCalibrationLeft    
00000e01  oi_getMotorCalibrationRight   
00000e8d  __TI_printfi                  
000018db  _nop                          
000018dd  pow                           
000018dd  powl                          
000022ad  raw_to_dist                   
000022f9  print_to_putty                
00002321  print_pt                      
00002353  print_180                     
0000239d  print_objects                 
000023f1  scan_180                      
00002449  find_smallest_object          
00002561  find_objects                  
00002781  main                          
000028ad  lcd_reverseNibble             
000028e9  lcd_init                      
000029a9  lcd_putc                      
000029e1  lcd_puts                      
000029ff  lcd_sendCommand               
00002a3d  lcd_sendNibble                
00002a81  lcd_gotoLine                  
00002aa9  lcd_setCursorPos              
00002ae7  lcd_printf                    
00002e45  cyBOT_scan_version            
00002e53  cyBOT_init_Scan               
00002eab  cyBOT_Scan                    
00002f1d  cyBOT_SERVO_cal               
000030a5  timer_init                    
0000311d  timer_stop                    
00003147  timer_pause                   
00003159  timer_resume                  
0000316b  timer_getMillis               
000031c3  timer_getMicros               
0000321d  timer_waitMicros              
0000324f  timer_waitMillis              
000032ed  ping_init                     
00003373  ping_trigger                  
000033dd  TIMER3B_Handler               
0000342f  ping_getDistance              
000036a9  __aeabi_dsub                  
000036b3  __aeabi_dadd                  
0000385f  __aeabi_idiv0                 
0000385f  __aeabi_ldiv0                 
00003861  cyBot_sendByte                
0000386d  cyBot_uart_sendStr            
00003887  cyBot_uart_sendBuffer         
0000389f  cyBot_uart_init               
00003931  cyBot_uart_flush              
0000394f  cyBot_getByte                 
00003969  cyBot_UART1_Handler           
000039bd  servo_init                    
00003a41  servo_stop                    
00003a4d  servo_move                    
00003aad  servo_setPWM                  
00003b15  sqrt                          
00003b15  sqrtl                         
00003da9  __aeabi_ddiv                  
00004005  ir_init                       
0000406d  ir_getValue                   
00004095  ir_getDistance                
0000409d  ADC0SS0_Handler               
000040b3  ir_enableInterrupt            
0000411d  ldexp                         
0000411d  ldexpl                        
0000411d  scalbn                        
0000411d  scalbnl                       
0000422d  aligned_alloc                 
0000422d  memalign                      
0000432d  __aeabi_dmul                  
00004429  free                          
000045bf  __aeabi_memcpy                
000045bf  __aeabi_memcpy4               
000045bf  __aeabi_memcpy8               
000045bf  memcpy                        
0000465b  __aeabi_uldivmod              
000046f1  __aeabi_cdcmpeq               
000046f1  __aeabi_cdcmple               
00004777  __aeabi_cdrcmple              
000047fd  __aeabi_memclr                
000047fd  __aeabi_memclr4               
000047fd  __aeabi_memclr8               
000047ff  __aeabi_memset                
000047ff  __aeabi_memset4               
000047ff  __aeabi_memset8               
00004805  memset                        
00004957  __aeabi_d2f                   
000049c5  __TI_decompress_lzss          
00004a2d  frexp                         
00004a2d  frexpl                        
00004ae7  __TI_ltoa                     
00004b8d  atoi                          
00004bd9  __aeabi_d2iz                  
00004c21  __TI_auto_init_nobinit_nopinit
00004c65  sprintf                       
00004ca5  vsnprintf                     
00004d25  calloc                        
00004d5d  __aeabi_f2d                   
00004d95  IntRegister                   
00004dc9  _c_int00_noargs               
00004e2d  __aeabi_i2d                   
00004e85  __TI_zero_init_nomemset       
00004ebd  memccpy                       
00004ed9  copysign                      
00004ed9  copysignl                     
00004f23  oi_parseInt                   
00004f3b  strcmp                        
00004f53  strchr                        
00004f69  strcpy                        
00004f7d  strlen                        
00004f91  wcslen                        
00004fa3  IntMasterEnable               
00004fb3  lcd_clear                     
00004fc3  __TI_decompress_none          
00004fd1  CPUcpsie                      
00004fdd  ResetISR                      
00004ff5  __aeabi_errno_addr            
00004ffd  malloc                        
00005005  _system_pre_init              
00005009  C$$EXIT                       
00005009  abort                         
00005010  _ctypes_                      
0000517c  __TI_Handler_Table_Base       
00005188  __TI_Handler_Table_Limit      
00005198  __TI_CINIT_Base               
000051b0  __TI_CINIT_Limit              
20000000  __start___llvm_prf_cnts       
20000000  __stop___llvm_prf_cnts        
20000000  g_pfnRAMVectors               
20000270  __stack                       
20000470  __STACK_TOP                   
20000a70  __STACK_END                   
20000a70  _sys_memory                   
20000ec4  isr_char_buffer               
20000f10  _timeout_ticks                
20000f14  fallingEdge                   
20000f18  isr_int_value                 
20000f1c  left_calibration_value        
20000f20  pulseLength                   
20000f24  right_calibration_value       
20000f28  risingEdge                    
20000f2c  isRisingEdge                  
20000f30  motor_cal_factor_L            
20000f34  motor_cal_factor_R            
20000f50  _lock                         
20000f54  _unlock                       
20000f60  cyBOT_scan_features           
20000f64  isr_counter                   
20000f68  errno                         
20000f6c  _running                      
ffffffff  __TI_pprof_out_hndl           
ffffffff  __TI_prof_data_size           
ffffffff  __TI_prof_data_start          
ffffffff  __binit__                     
ffffffff  __c_args__                    
ffffffff  binit                         
UNDEFED   __mpu_init                    
UNDEFED   _system_post_cinit            

[183 symbols]
