******************************************************************************
                  TI ARM Linker PC v20.2.7                     
******************************************************************************
>> Linked Tue Oct 31 15:55:32 2023

OUTPUT FILE NAME:   <lab_6.out>
ENTRY POINT SYMBOL: "_c_int00_noargs"  address: 00005ffd


MEMORY CONFIGURATION

         name            origin    length      used     unused   attr    fill
----------------------  --------  ---------  --------  --------  ----  --------
  FLASH                 00000000   00040000  00006533  00039acd  R  X
  SRAM                  20000000   00008000  00000f64  0000709c  RW X


SEGMENT ALLOCATION MAP

run origin  load origin   length   init length attrs members
----------  ----------- ---------- ----------- ----- -------
00000000    00000000    00006538   00006538    r-x
  00000000    00000000    0000026c   0000026c    r-- .intvecs
  0000026c    0000026c    00005fd4   00005fd4    r-x .text
  00006240    00006240    000002a3   000002a3    r-- .const
  000064e8    000064e8    00000050   00000050    r-- .cinit
20000000    20000000    00000f69   00000000    rw-
  20000000    20000000    0000026c   00000000    rw- .vtable
  20000270    20000270    00000800   00000000    rw- .stack
  20000a70    20000a70    00000400   00000000    rw- .sysmem
  20000e70    20000e70    000000bf   00000000    rw- .bss
  20000f30    20000f30    00000039   00000000    rw- .data


SECTION ALLOCATION MAP

 output                                  attributes/
section   page    origin      length       input sections
--------  ----  ----------  ----------   ----------------
.intvecs   0    00000000    0000026c     
                  00000000    0000026c     tm4c123gh6pm_startup_ccs.obj (.intvecs)

.text      0    0000026c    00005fd4     
                  0000026c    00000c20     open_interface.obj (.text)
                  00000e8c    00000a4e     rtsv7M4_T_le_v4SPD16_eabi.lib : _printfi.c.obj (.text:__TI_printfi)
                  000018da    00000002                                   : _lock.c.obj (.text:_nop)
                  000018dc    000009d0                                   : e_pow.c.obj (.text:pow)
                  000022ac    00000738                                   : k_rem_pio2.c.obj (.text:__kernel_rem_pio2)
                  000029e4    000005e0                                   : s_sin.c.obj (.text:sin)
                  00002fc4    00000328     lcd.obj (.text)
                  000032ec    000002fc     cd.obj (.text)
                  000035e8    0000028c     movement.obj (.text)
                  00003874    00000270     rtsv7M4_T_le_v4SPD16_eabi.lib : _printfi.c.obj (.text:_pconv_a)
                  00003ae4    00000260     libcybotScan.lib : cyBot_Scan.obj (.text)
                  00003d44    00000248     Timer.obj (.text)
                  00003f8c    000001ec     libcybotScan.lib : ping.obj (.text)
                  00004178    000001e8     uart.obj (.text)
                  00004360    000001d0     rtsv7M4_T_le_v4SPD16_eabi.lib : _printfi.c.obj (.text:_pconv_g)
                  00004530    000001b6                                   : fd_add_t2.asm.obj (.text)
                  000046e6    00000002                                   : div0.asm.obj (.text)
                  000046e8    00000174                                   : k_sin.c.obj (.text:__kernel_sin)
                  0000485c    00000170                                   : k_cos.c.obj (.text:__kernel_cos)
                  000049cc    00000158     libcybotScan.lib : servo.obj (.text)
                  00004b24    00000158     rtsv7M4_T_le_v4SPD16_eabi.lib : e_sqrt.c.obj (.text:sqrt)
                  00004c7c    0000013c                                   : _printfi.c.obj (.text:_pconv_e)
                  00004db8    00000136                                   : fd_div_t2.asm.obj (.text)
                  00004eee    00000002     --HOLE-- [fill = 0]
                  00004ef0    00000124                                   : _printfi.c.obj (.text:fcvt)
                  00005014    00000118     libcybotScan.lib : ir.obj (.text)
                  0000512c    00000110     rtsv7M4_T_le_v4SPD16_eabi.lib : s_scalbn.c.obj (.text:scalbn)
                  0000523c    00000100                                   : memory.c.obj (.text:aligned_alloc)
                  0000533c    000000fc                                   : fd_mul_t2.asm.obj (.text)
                  00005438    000000f8                                   : s_floor.c.obj (.text:floor)
                  00005530    000000e8     puttyComunication.obj (.text)
                  00005618    000000e4     rtsv7M4_T_le_v4SPD16_eabi.lib : memory.c.obj (.text:free)
                  000056fc    000000b1                                   : _printfi.c.obj (.text:_ltostr)
                  000057ad    00000001     --HOLE-- [fill = 0]
                  000057ae    0000009c                                   : memcpy_t2.asm.obj (.text)
                  0000584a    00000096                                   : ull_div_t2.asm.obj (.text)
                  000058e0    00000086                                   : fd_cmp_t2.asm.obj (.text:__aeabi_cdcmple)
                  00005966    00000086                                   : fd_cmp_t2.asm.obj (.text:__aeabi_cdrcmple)
                  000059ec    0000007a                                   : memset_t2.asm.obj (.text)
                  00005a66    00000002     --HOLE-- [fill = 0]
                  00005a68    00000070                                   : memory.c.obj (.text:split)
                  00005ad8    0000006e                                   : _printfi.c.obj (.text:_mcpy)
                  00005b46    0000006e                                   : fd_tos_t2.asm.obj (.text)
                  00005bb4    00000068                                   : copy_decompress_lzss.c.obj (.text:decompress:lzss:__TI_decompress_lzss)
                  00005c1c    00000064                                   : s_frexp.c.obj (.text:frexp)
                  00005c80    00000056                                   : _printfi.c.obj (.text:_pconv_f)
                  00005cd6    00000054                                   : _ltoa.c.obj (.text:__TI_ltoa)
                  00005d2a    00000052                                   : _printfi.c.obj (.text:_ecpy)
                  00005d7c    0000004c                                   : atoi.c.obj (.text:atoi)
                  00005dc8    00000048                                   : fd_toi_t2.asm.obj (.text)
                  00005e10    00000044                                   : autoinit.c.obj (.text:__TI_auto_init_nobinit_nopinit:__TI_auto_init_nobinit_nopinit)
                  00005e54    00000044                                   : fd_tou_t2.asm.obj (.text)
                  00005e98    00000040                                   : sprintf.c.obj (.text:sprintf)
                  00005ed8    00000040                                   : vsnprintf.c.obj (.text:vsnprintf)
                  00005f18    0000003e                                   : _printfi.c.obj (.text:_fcpy)
                  00005f56    00000002     --HOLE-- [fill = 0]
                  00005f58    00000038                                   : memory.c.obj (.text:calloc)
                  00005f90    00000038                                   : fs_tod_t2.asm.obj (.text)
                  00005fc8    00000034     driverlib.lib : interrupt.obj (.text:IntRegister)
                  00005ffc    00000034     rtsv7M4_T_le_v4SPD16_eabi.lib : boot_cortex_m.c.obj (.text:_c_int00_noargs:_c_int00_noargs)
                  00006030    00000030                                   : vsnprintf.c.obj (.text:_outs)
                  00006060    0000002e                                   : i_tofd_t2.asm.obj (.text)
                  0000608e    00000002     --HOLE-- [fill = 0]
                  00006090    00000028                                   : memory.c.obj (.text:free_list_insert)
                  000060b8    0000001c                                   : copy_zero_init.c.obj (.text:decompress:ZI:__TI_zero_init_nomemset:__TI_zero_init_nomemset)
                  000060d4    0000001c                                   : memory.c.obj (.text:free_list_remove)
                  000060f0    0000001c                                   : memccpy.c.obj (.text:memccpy)
                  0000610c    0000001a                                   : s_copysign.c.obj (.text:copysign)
                  00006126    00000018                                   : vsnprintf.c.obj (.text:_outc)
                  0000613e    00000018                                   : sprintf.c.obj (.text:_outs)
                  00006156    00000018     open_interface.obj (.text:oi_parseInt)
                  0000616e    00000018     rtsv7M4_T_le_v4SPD16_eabi.lib : strcmp.c.obj (.text:strcmp)
                  00006186    00000016                                   : strchr.c.obj (.text:strchr)
                  0000619c    00000014                                   : strcpy.c.obj (.text:strcpy)
                  000061b0    00000014                                   : strlen.c.obj (.text:strlen)
                  000061c4    00000012                                   : wcslen.c.obj (.text:wcslen)
                  000061d6    00000010     driverlib.lib : interrupt.obj (.text:IntMasterEnable)
                  000061e6    00000010     lcd.obj (.text:lcd_clear)
                  000061f6    0000000e     rtsv7M4_T_le_v4SPD16_eabi.lib : copy_decompress_none.c.obj (.text:decompress:none:__TI_decompress_none)
                  00006204    0000000c     driverlib.lib : cpu.obj (.text:CPUcpsie)
                  00006210    0000000c     tm4c123gh6pm_startup_ccs.obj (.text)
                  0000621c    0000000a     rtsv7M4_T_le_v4SPD16_eabi.lib : sprintf.c.obj (.text:_outc)
                  00006226    00000002     --HOLE-- [fill = 0]
                  00006228    00000008                                   : errno.c.obj (.text:__aeabi_errno_addr)
                  00006230    00000008                                   : memory.c.obj (.text:malloc)
                  00006238    00000004                                   : pre_init.c.obj (.text:_system_pre_init)
                  0000623c    00000004                                   : exit.c.obj (.text:abort:abort)

.const     0    00006240    000002a3     
                  00006240    00000158     rtsv7M4_T_le_v4SPD16_eabi.lib : k_rem_pio2.c.obj (.const:$O1$$)
                  00006398    00000101                                   : ctype.c.obj (.const:.string:_ctypes_)
                  00006499    00000004     lcd.obj (.const:.string:lineAddress$1)
                  0000649d    00000003     --HOLE-- [fill = 0]
                  000064a0    00000030     rtsv7M4_T_le_v4SPD16_eabi.lib : e_pow.c.obj (.const:$O1$$)
                  000064d0    0000000f     open_interface.obj (.const:.string:$P$T0$3)
                  000064df    00000004     lcd.obj (.const:.string:lineAddresses$2)

.cinit     0    000064e8    00000050     
                  000064e8    00000018     (.cinit..data.load) [load image, compression = lzss]
                  00006500    0000000c     (__TI_handler_table)
                  0000650c    00000004     --HOLE-- [fill = 0]
                  00006510    00000008     (.cinit..bss.load) [load image, compression = zero_init]
                  00006518    00000008     (.cinit..vtable.load) [load image, compression = zero_init]
                  00006520    00000018     (__TI_cinit_table)

.init_array 
*          0    00000000    00000000     UNINITIALIZED

.vtable    0    20000000    0000026c     UNINITIALIZED
                  20000000    0000026c     driverlib.lib : interrupt.obj (.vtable)

.stack     0    20000270    00000800     UNINITIALIZED
                  20000270    00000004     rtsv7M4_T_le_v4SPD16_eabi.lib : boot_cortex_m.c.obj (.stack)
                  20000274    000007fc     --HOLE--

.sysmem    0    20000a70    00000400     UNINITIALIZED
                  20000a70    00000010     rtsv7M4_T_le_v4SPD16_eabi.lib : memory.c.obj (.sysmem)
                  20000a80    000003f0     --HOLE--

.bss       0    20000e70    000000bf     UNINITIALIZED
                  20000e70    00000054     lcd.obj (.bss:lastbuffer$3)
                  20000ec4    00000034     (.common:to_print)
                  20000ef8    00000018     open_interface.obj (.bss:firmware$2)
                  20000f10    00000004     (.common:_timeout_ticks)
                  20000f14    00000004     (.common:fallingEdge)
                  20000f18    00000004     (.common:isr_int_value)
                  20000f1c    00000004     (.common:left_calibration_value)
                  20000f20    00000004     (.common:pulseLength)
                  20000f24    00000004     (.common:right_calibration_value)
                  20000f28    00000004     (.common:risingEdge)
                  20000f2c    00000001     (.common:flag)
                  20000f2d    00000001     (.common:isRisingEdge)
                  20000f2e    00000001     (.common:uart_data)

.data      0    20000f30    00000039     UNINITIALIZED
                  20000f30    00000020     open_interface.obj (.data)
                  20000f50    00000008     rtsv7M4_T_le_v4SPD16_eabi.lib : _lock.c.obj (.data:$O1$$)
                  20000f58    00000008                                   : memory.c.obj (.data:$O1$$)
                  20000f60    00000004     libcybotScan.lib : cyBot_Scan.obj (.data)
                  20000f64    00000004     rtsv7M4_T_le_v4SPD16_eabi.lib : errno.c.obj (.data)
                  20000f68    00000001     Timer.obj (.data)

__llvm_prf_cnts 
*          0    20000000    00000000     UNINITIALIZED

MODULE SUMMARY

       Module                         code    ro data   rw data
       ------                         ----    -------   -------
    .\
       open_interface.obj             3128    15        56     
       lcd.obj                        824     8         84     
       cd.obj                         764     0         60     
       movement.obj                   652     0         0      
       tm4c123gh6pm_startup_ccs.obj   12      620       0      
       Timer.obj                      584     0         5      
       uart.obj                       488     0         0      
       puttyComunication.obj          232     0         0      
       Lab6_template_extra_help.obj   0       0         2      
    +--+------------------------------+-------+---------+---------+
       Total:                         6684    643       207    
                                                               
    ../libcybotScan.lib
       cyBot_Scan.obj                 608     0         4      
       ping.obj                       492     0         13     
       servo.obj                      344     0         0      
       ir.obj                         280     0         4      
    +--+------------------------------+-------+---------+---------+
       Total:                         1724    0         21     
                                                               
    C:/ti/TivaWare_C_Series-2.2.0.295/driverlib/ccs/Debug/driverlib.lib
       interrupt.obj                  68      0         620    
       cpu.obj                        12      0         0      
    +--+------------------------------+-------+---------+---------+
       Total:                         80      0         620    
                                                               
    C:\ti\ccs1230\ccs\tools\compiler\ti-cgt-arm_20.2.7.LTS\lib\rtsv7M4_T_le_v4SPD16_eabi.lib
       _printfi.c.obj                 4851    0         0      
       e_pow.c.obj                    2512    48        0      
       k_rem_pio2.c.obj               1848    344       0      
       s_sin.c.obj                    1504    0         0      
       memory.c.obj                   728     0         8      
       fd_add_t2.asm.obj              438     0         0      
       k_sin.c.obj                    372     0         0      
       k_cos.c.obj                    368     0         0      
       e_sqrt.c.obj                   344     0         0      
       fd_div_t2.asm.obj              310     0         0      
       s_scalbn.c.obj                 272     0         0      
       fd_cmp_t2.asm.obj              268     0         0      
       ctype.c.obj                    0       257       0      
       fd_mul_t2.asm.obj              252     0         0      
       s_floor.c.obj                  248     0         0      
       memcpy_t2.asm.obj              156     0         0      
       ull_div_t2.asm.obj             150     0         0      
       vsnprintf.c.obj                136     0         0      
       memset_t2.asm.obj              122     0         0      
       fd_tos_t2.asm.obj              110     0         0      
       copy_decompress_lzss.c.obj     104     0         0      
       s_frexp.c.obj                  100     0         0      
       sprintf.c.obj                  98      0         0      
       _ltoa.c.obj                    84      0         0      
       atoi.c.obj                     76      0         0      
       fd_toi_t2.asm.obj              72      0         0      
       autoinit.c.obj                 68      0         0      
       fd_tou_t2.asm.obj              68      0         0      
       fs_tod_t2.asm.obj              56      0         0      
       boot_cortex_m.c.obj            52      0         0      
       i_tofd_t2.asm.obj              46      0         0      
       copy_zero_init.c.obj           28      0         0      
       memccpy.c.obj                  28      0         0      
       s_copysign.c.obj               26      0         0      
       strcmp.c.obj                   24      0         0      
       strchr.c.obj                   22      0         0      
       strcpy.c.obj                   20      0         0      
       strlen.c.obj                   20      0         0      
       wcslen.c.obj                   18      0         0      
       copy_decompress_none.c.obj     14      0         0      
       errno.c.obj                    8       0         4      
       _lock.c.obj                    2       0         8      
       exit.c.obj                     4       0         0      
       pre_init.c.obj                 4       0         0      
       div0.asm.obj                   2       0         0      
    +--+------------------------------+-------+---------+---------+
       Total:                         16033   649       20     
                                                               
       Heap:                          0       0         1024   
       Stack:                         0       0         2048   
       Linker Generated:              0       76        0      
    +--+------------------------------+-------+---------+---------+
       Grand Total:                   24521   1368      3940   


LINKER GENERATED COPY TABLES

__TI_cinit_table @ 00006520 records: 3, size/record: 8, table size: 24
	.data: load addr=000064e8, load size=00000018 bytes, run addr=20000f30, run size=00000039 bytes, compression=lzss
	.bss: load addr=00006510, load size=00000008 bytes, run addr=20000e70, run size=000000bf bytes, compression=zero_init
	.vtable: load addr=00006518, load size=00000008 bytes, run addr=20000000, run size=0000026c bytes, compression=zero_init


LINKER GENERATED HANDLER TABLE

__TI_handler_table @ 00006500 records: 3, size/record: 4, table size: 12
	index: 0, handler: __TI_zero_init
	index: 1, handler: __TI_decompress_lzss
	index: 2, handler: __TI_decompress_none


GLOBAL SYMBOLS: SORTED ALPHABETICALLY BY Name 

address   name                          
-------   ----                          
000050ad  ADC0SS0_Handler               
0000623d  C$$EXIT                       
00006205  CPUcpsie                      
00000bc3  GPIOF_Handler                 
000061d7  IntMasterEnable               
00005fc9  IntRegister                   
00006211  ResetISR                      
0000407d  TIMER3B_Handler               
20000a70  __STACK_END                   
00000800  __STACK_SIZE                  
20000470  __STACK_TOP                   
00000400  __SYSMEM_SIZE                 
00006520  __TI_CINIT_Base               
00006538  __TI_CINIT_Limit              
00006500  __TI_Handler_Table_Base       
0000650c  __TI_Handler_Table_Limit      
00005e11  __TI_auto_init_nobinit_nopinit
00005bb5  __TI_decompress_lzss          
000061f7  __TI_decompress_none          
00005cd7  __TI_ltoa                     
ffffffff  __TI_pprof_out_hndl           
00000e8d  __TI_printfi                  
ffffffff  __TI_prof_data_size           
ffffffff  __TI_prof_data_start          
00000000  __TI_static_base__            
000060b9  __TI_zero_init_nomemset       
000058e1  __aeabi_cdcmpeq               
000058e1  __aeabi_cdcmple               
00005967  __aeabi_cdrcmple              
00005b47  __aeabi_d2f                   
00005dc9  __aeabi_d2iz                  
00005e55  __aeabi_d2uiz                 
0000453b  __aeabi_dadd                  
00004db9  __aeabi_ddiv                  
0000533d  __aeabi_dmul                  
00004531  __aeabi_dsub                  
00006229  __aeabi_errno_addr            
00005f91  __aeabi_f2d                   
00006061  __aeabi_i2d                   
000046e7  __aeabi_idiv0                 
000046e7  __aeabi_ldiv0                 
000059ed  __aeabi_memclr                
000059ed  __aeabi_memclr4               
000059ed  __aeabi_memclr8               
000057af  __aeabi_memcpy                
000057af  __aeabi_memcpy4               
000057af  __aeabi_memcpy8               
000059ef  __aeabi_memset                
000059ef  __aeabi_memset4               
000059ef  __aeabi_memset8               
0000584b  __aeabi_uldivmod              
ffffffff  __binit__                     
ffffffff  __c_args__                    
0000485d  __kernel_cos                  
000022ad  __kernel_rem_pio2             
000046e9  __kernel_sin                  
UNDEFED   __mpu_init                    
20000270  __stack                       
20000000  __start___llvm_prf_cnts       
20000000  __stop___llvm_prf_cnts        
00005ffd  _c_int00_noargs               
00006398  _ctypes_                      
20000f50  _lock                         
000018db  _nop                          
20000f68  _running                      
20000a70  _sys_memory                   
UNDEFED   _system_post_cinit            
00006239  _system_pre_init              
20000f10  _timeout_ticks                
20000f54  _unlock                       
0000623d  abort                         
0000523d  aligned_alloc                 
00005d7d  atoi                          
0000360d  avoid_obstacle                
ffffffff  binit                         
000035e9  bumped                        
00005f59  calloc                        
0000610d  copysign                      
0000610d  copysignl                     
00003bbd  cyBOT_SERVO_cal               
00003b4b  cyBOT_Scan                    
00003af3  cyBOT_init_Scan               
20000f60  cyBOT_scan_features           
00003ae5  cyBOT_scan_version            
20000f64  errno                         
20000f14  fallingEdge                   
000033f3  find_smallest_object          
20000f2c  flag                          
00005439  floor                         
00005439  floorl                        
00005619  free                          
00005c1d  frexp                         
00005c1d  frexpl                        
20000000  g_pfnRAMVectors               
00000000  g_pfnVectors                  
0000097f  go_charge                     
000050c3  ir_enableInterrupt            
000050a5  ir_getDistance                
0000507d  ir_getValue                   
00005015  ir_init                       
20000f2d  isRisingEdge                  
20000f18  isr_int_value                 
000061e7  lcd_clear                     
00003199  lcd_gotoLine                  
00003001  lcd_init                      
000031ff  lcd_printf                    
000030c1  lcd_putc                      
000030f9  lcd_puts                      
00002fc5  lcd_reverseNibble             
00003117  lcd_sendCommand               
00003155  lcd_sendNibble                
000031c1  lcd_setCursorPos              
0000512d  ldexp                         
0000512d  ldexpl                        
20000f1c  left_calibration_value        
00005531  main                          
00006231  malloc                        
0000523d  memalign                      
000060f1  memccpy                       
000057af  memcpy                        
000059f5  memset                        
20000f30  motor_cal_factor_L            
20000f34  motor_cal_factor_R            
0000366f  move_backward                 
000036e9  move_forward                  
0000026d  oi_alloc                      
00000aa9  oi_checkFirmware              
000002c7  oi_close                      
00000279  oi_free                       
00000ded  oi_getMotorCalibrationLeft    
00000e01  oi_getMotorCalibrationRight   
000002b1  oi_init                       
00000289  oi_init_noupdate              
00000915  oi_loadSong                   
00006157  oi_parseInt                   
0000032b  oi_parsePacket                
0000096b  oi_play_song                  
0000084b  oi_setLeds                    
00000db1  oi_setMotorCalibration        
0000088f  oi_setWheels                  
00000b51  oi_shutoff_init               
0000098d  oi_uartInit                   
00000a31  oi_uartReceive                
00000a77  oi_uartSendBuff               
00000a15  oi_uartSendChar               
00000a59  oi_uartSendStr                
000002d9  oi_update                     
000040cf  ping_getDistance              
00003f8d  ping_init                     
00004013  ping_trigger                  
000018dd  pow                           
000018dd  powl                          
00003339  print_180                     
20000f20  pulseLength                   
000032ed  raw_to_dist                   
20000f24  right_calibration_value       
20000f28  risingEdge                    
0000512d  scalbn                        
0000512d  scalbnl                       
0000339b  scan_180                      
000049cd  servo_init                    
00004a5d  servo_move                    
00004abd  servo_setPWM                  
00004a51  servo_stop                    
000029e5  sin                           
000029e5  sinl                          
00005e99  sprintf                       
00004b25  sqrt                          
00004b25  sqrtl                         
00006187  strchr                        
0000616f  strcmp                        
0000619d  strcpy                        
000061b1  strlen                        
00003e63  timer_getMicros               
00003e0b  timer_getMillis               
00003d45  timer_init                    
00003de7  timer_pause                   
00003df9  timer_resume                  
00003dbd  timer_stop                    
00003ebd  timer_waitMicros              
00003eef  timer_waitMillis              
20000ec4  to_print                      
0000378b  turn_clockwise                
000037ff  turn_counter_clockwise        
20000f2e  uart_data                     
00004179  uart_init                     
000042d7  uart_interrupt_handler        
000042b7  uart_interrupt_init           
00004275  uart_receive                  
00004259  uart_sendChar                 
00004299  uart_sendStr                  
00005ed9  vsnprintf                     
000061c5  wcslen                        


GLOBAL SYMBOLS: SORTED BY Symbol Address 

address   name                          
-------   ----                          
00000000  __TI_static_base__            
00000000  g_pfnVectors                  
0000026d  oi_alloc                      
00000279  oi_free                       
00000289  oi_init_noupdate              
000002b1  oi_init                       
000002c7  oi_close                      
000002d9  oi_update                     
0000032b  oi_parsePacket                
00000400  __SYSMEM_SIZE                 
00000800  __STACK_SIZE                  
0000084b  oi_setLeds                    
0000088f  oi_setWheels                  
00000915  oi_loadSong                   
0000096b  oi_play_song                  
0000097f  go_charge                     
0000098d  oi_uartInit                   
00000a15  oi_uartSendChar               
00000a31  oi_uartReceive                
00000a59  oi_uartSendStr                
00000a77  oi_uartSendBuff               
00000aa9  oi_checkFirmware              
00000b51  oi_shutoff_init               
00000bc3  GPIOF_Handler                 
00000db1  oi_setMotorCalibration        
00000ded  oi_getMotorCalibrationLeft    
00000e01  oi_getMotorCalibrationRight   
00000e8d  __TI_printfi                  
000018db  _nop                          
000018dd  pow                           
000018dd  powl                          
000022ad  __kernel_rem_pio2             
000029e5  sin                           
000029e5  sinl                          
00002fc5  lcd_reverseNibble             
00003001  lcd_init                      
000030c1  lcd_putc                      
000030f9  lcd_puts                      
00003117  lcd_sendCommand               
00003155  lcd_sendNibble                
00003199  lcd_gotoLine                  
000031c1  lcd_setCursorPos              
000031ff  lcd_printf                    
000032ed  raw_to_dist                   
00003339  print_180                     
0000339b  scan_180                      
000033f3  find_smallest_object          
000035e9  bumped                        
0000360d  avoid_obstacle                
0000366f  move_backward                 
000036e9  move_forward                  
0000378b  turn_clockwise                
000037ff  turn_counter_clockwise        
00003ae5  cyBOT_scan_version            
00003af3  cyBOT_init_Scan               
00003b4b  cyBOT_Scan                    
00003bbd  cyBOT_SERVO_cal               
00003d45  timer_init                    
00003dbd  timer_stop                    
00003de7  timer_pause                   
00003df9  timer_resume                  
00003e0b  timer_getMillis               
00003e63  timer_getMicros               
00003ebd  timer_waitMicros              
00003eef  timer_waitMillis              
00003f8d  ping_init                     
00004013  ping_trigger                  
0000407d  TIMER3B_Handler               
000040cf  ping_getDistance              
00004179  uart_init                     
00004259  uart_sendChar                 
00004275  uart_receive                  
00004299  uart_sendStr                  
000042b7  uart_interrupt_init           
000042d7  uart_interrupt_handler        
00004531  __aeabi_dsub                  
0000453b  __aeabi_dadd                  
000046e7  __aeabi_idiv0                 
000046e7  __aeabi_ldiv0                 
000046e9  __kernel_sin                  
0000485d  __kernel_cos                  
000049cd  servo_init                    
00004a51  servo_stop                    
00004a5d  servo_move                    
00004abd  servo_setPWM                  
00004b25  sqrt                          
00004b25  sqrtl                         
00004db9  __aeabi_ddiv                  
00005015  ir_init                       
0000507d  ir_getValue                   
000050a5  ir_getDistance                
000050ad  ADC0SS0_Handler               
000050c3  ir_enableInterrupt            
0000512d  ldexp                         
0000512d  ldexpl                        
0000512d  scalbn                        
0000512d  scalbnl                       
0000523d  aligned_alloc                 
0000523d  memalign                      
0000533d  __aeabi_dmul                  
00005439  floor                         
00005439  floorl                        
00005531  main                          
00005619  free                          
000057af  __aeabi_memcpy                
000057af  __aeabi_memcpy4               
000057af  __aeabi_memcpy8               
000057af  memcpy                        
0000584b  __aeabi_uldivmod              
000058e1  __aeabi_cdcmpeq               
000058e1  __aeabi_cdcmple               
00005967  __aeabi_cdrcmple              
000059ed  __aeabi_memclr                
000059ed  __aeabi_memclr4               
000059ed  __aeabi_memclr8               
000059ef  __aeabi_memset                
000059ef  __aeabi_memset4               
000059ef  __aeabi_memset8               
000059f5  memset                        
00005b47  __aeabi_d2f                   
00005bb5  __TI_decompress_lzss          
00005c1d  frexp                         
00005c1d  frexpl                        
00005cd7  __TI_ltoa                     
00005d7d  atoi                          
00005dc9  __aeabi_d2iz                  
00005e11  __TI_auto_init_nobinit_nopinit
00005e55  __aeabi_d2uiz                 
00005e99  sprintf                       
00005ed9  vsnprintf                     
00005f59  calloc                        
00005f91  __aeabi_f2d                   
00005fc9  IntRegister                   
00005ffd  _c_int00_noargs               
00006061  __aeabi_i2d                   
000060b9  __TI_zero_init_nomemset       
000060f1  memccpy                       
0000610d  copysign                      
0000610d  copysignl                     
00006157  oi_parseInt                   
0000616f  strcmp                        
00006187  strchr                        
0000619d  strcpy                        
000061b1  strlen                        
000061c5  wcslen                        
000061d7  IntMasterEnable               
000061e7  lcd_clear                     
000061f7  __TI_decompress_none          
00006205  CPUcpsie                      
00006211  ResetISR                      
00006229  __aeabi_errno_addr            
00006231  malloc                        
00006239  _system_pre_init              
0000623d  C$$EXIT                       
0000623d  abort                         
00006398  _ctypes_                      
00006500  __TI_Handler_Table_Base       
0000650c  __TI_Handler_Table_Limit      
00006520  __TI_CINIT_Base               
00006538  __TI_CINIT_Limit              
20000000  __start___llvm_prf_cnts       
20000000  __stop___llvm_prf_cnts        
20000000  g_pfnRAMVectors               
20000270  __stack                       
20000470  __STACK_TOP                   
20000a70  __STACK_END                   
20000a70  _sys_memory                   
20000ec4  to_print                      
20000f10  _timeout_ticks                
20000f14  fallingEdge                   
20000f18  isr_int_value                 
20000f1c  left_calibration_value        
20000f20  pulseLength                   
20000f24  right_calibration_value       
20000f28  risingEdge                    
20000f2c  flag                          
20000f2d  isRisingEdge                  
20000f2e  uart_data                     
20000f30  motor_cal_factor_L            
20000f34  motor_cal_factor_R            
20000f50  _lock                         
20000f54  _unlock                       
20000f60  cyBOT_scan_features           
20000f64  errno                         
20000f68  _running                      
ffffffff  __TI_pprof_out_hndl           
ffffffff  __TI_prof_data_size           
ffffffff  __TI_prof_data_start          
ffffffff  __binit__                     
ffffffff  __c_args__                    
ffffffff  binit                         
UNDEFED   __mpu_init                    
UNDEFED   _system_post_cinit            

[193 symbols]
